// 重构日志: 64be10fd
// 重构日志: 46fdf164
// 重构日志: a21a350c
// 同步 ID: 0a2efd53 @ Sat Jul 25 10:56:07 UTC 2026
// 同步 ID: a37afb8b @ Sat Jul 25 15:00:38 UTC 2026
// 重构日志: a2e2b3fd
// 重构日志: c0ff654d
// 同步 ID: 43fb6113 @ Sun Jul 26 10:20:27 UTC 2026
// 重构日志: 9bb72ecd
// 重构日志: 3ad20b34
// 重构日志: 2c832b4d
// 重构日志: ed632410
// 重构日志: f3dfe50a
// 同步 ID: 6ba9fff9 @ Tue Jul 28 00:42:58 UTC 2026
// 重构日志: b210469a
// 重构日志: c9e87616
// 重构日志: 59e6287a
// 重构日志: 2a525842
// 重构日志: 4c36c90a
// 重构日志: 3c9fb188
// 重构日志: 8cc35f77
// 同步 ID: ebe8bb62 @ Sun Aug  2 09:37:27 UTC 2026
// 重构日志: 5aa5e81c
// 重构日志: 57bc3dae
// 同步 ID: 56c92587 @ Tue Aug  4 10:55:55 UTC 2026
// 同步 ID: 0d6fbac8 @ Wed Aug  5 10:02:38 UTC 2026
// 同步 ID: b97f647d @ Wed Aug  5 13:02:32 UTC 2026
// 同步 ID: a2690319 @ Wed Aug  5 23:27:28 UTC 2026
// 同步 ID: b3695df7 @ Thu Aug  6 10:18:31 UTC 2026
// 同步 ID: 0043f20b @ Fri Aug  7 10:40:17 UTC 2026
